{
  "spec": "spec",
  "tasks": [
    {
      "created": "YYYY-MM-DDT00:00:00Z",
      "id": "t1",
      "status": "pending",
      "summary": "First task",
      "type": "task"
    },
    {
      "created": "YYYY-MM-DDT00:00:00Z",
      "depends_on": [
        "t1"
      ],
      "id": "t2",
      "status": "pending",
      "summary": "Second task",
      "type": "task"
    }
  ],
  "tree": "test"
}
